Release 14.6 - xst P.68d (lin64)
Copyright (c) 1995-2013 Xilinx, Inc.  All rights reserved.
--> 
Parameter TMPDIR set to xst/projnav.tmp


Total REAL time to Xst completion: 0.00 secs
Total CPU time to Xst completion: 0.06 secs
 
--> 
Parameter xsthdpdir set to xst


Total REAL time to Xst completion: 0.00 secs
Total CPU time to Xst completion: 0.06 secs
 
--> 
Reading design: PointBuffer.prj

TABLE OF CONTENTS
  1) Synthesis Options Summary
  2) HDL Parsing
  3) HDL Elaboration
  4) HDL Synthesis
       4.1) HDL Synthesis Report
  5) Advanced HDL Synthesis
       5.1) Advanced HDL Synthesis Report
  6) Low Level Synthesis
  7) Partition Report
  8) Design Summary
       8.1) Primitive and Black Box Usage
       8.2) Device utilization summary
       8.3) Partition Resource Summary
       8.4) Timing Report
            8.4.1) Clock Information
            8.4.2) Asynchronous Control Signals Information
            8.4.3) Timing Summary
            8.4.4) Timing Details
            8.4.5) Cross Clock Domains Report


=========================================================================
*                      Synthesis Options Summary                        *
=========================================================================
---- Source Parameters
Input File Name                    : "PointBuffer.prj"
Ignore Synthesis Constraint File   : NO

---- Target Parameters
Output File Name                   : "PointBuffer"
Output Format                      : NGC
Target Device                      : xc7z020-2-clg400

---- Source Options
Top Module Name                    : PointBuffer
Automatic FSM Extraction           : YES
FSM Encoding Algorithm             : Auto
Safe Implementation                : No
FSM Style                          : LUT
RAM Extraction                     : Yes
RAM Style                          : Auto
ROM Extraction                     : Yes
Shift Register Extraction          : YES
ROM Style                          : Auto
Resource Sharing                   : YES
Asynchronous To Synchronous        : NO
Shift Register Minimum Size        : 2
Use DSP Block                      : Auto
Automatic Register Balancing       : No

---- Target Options
LUT Combining                      : Auto
Reduce Control Sets                : Auto
Add IO Buffers                     : YES
Global Maximum Fanout              : 100000
Add Generic Clock Buffer(BUFG)     : 32
Register Duplication               : YES
Optimize Instantiated Primitives   : NO
Use Clock Enable                   : Auto
Use Synchronous Set                : Auto
Use Synchronous Reset              : Auto
Pack IO Registers into IOBs        : Auto
Equivalent register Removal        : YES

---- General Options
Optimization Goal                  : Speed
Optimization Effort                : 1
Power Reduction                    : NO
Keep Hierarchy                     : No
Netlist Hierarchy                  : As_Optimized
RTL Output                         : Yes
Global Optimization                : AllClockNets
Read Cores                         : YES
Write Timing Constraints           : NO
Cross Clock Analysis               : NO
Hierarchy Separator                : /
Bus Delimiter                      : <>
Case Specifier                     : Maintain
Slice Utilization Ratio            : 100
BRAM Utilization Ratio             : 100
DSP48 Utilization Ratio            : 100
Auto BRAM Packing                  : NO
Slice Utilization Ratio Delta      : 5

---- Other Options
Cores Search Directories           : {"ipcore_dir"  }

=========================================================================


=========================================================================
*                          HDL Parsing                                  *
=========================================================================
Parsing VHDL file "/media/DATA42/Dropbox/EmbeddedRetina/embeddedretina_ise/RetinaParameters.vhd" into library work
Parsing package <RetinaParameters>.
Parsing package body <RetinaParameters>.
Parsing VHDL file "/media/DATA42/Dropbox/EmbeddedRetina/embeddedretina_ise/PointBuffer.vhd" into library work
Parsing entity <PointBuffer>.
Parsing architecture <BEHAVIORAL> of entity <pointbuffer>.

=========================================================================
*                            HDL Elaboration                            *
=========================================================================

Elaborating entity <PointBuffer> (architecture <BEHAVIORAL>) from library <work>.

=========================================================================
*                           HDL Synthesis                               *
=========================================================================

Synthesizing Unit <PointBuffer>.
    Related source file is "/media/DATA42/Dropbox/EmbeddedRetina/embeddedretina_ise/PointBuffer.vhd".
    Found 1-bit register for signal <enableOut>.
    Found 14-bit register for signal <sPointSet<42>>.
    Found 14-bit register for signal <sPointSet<41>>.
    Found 14-bit register for signal <sPointSet<40>>.
    Found 14-bit register for signal <sPointSet<39>>.
    Found 14-bit register for signal <sPointSet<38>>.
    Found 14-bit register for signal <sPointSet<37>>.
    Found 14-bit register for signal <sPointSet<36>>.
    Found 14-bit register for signal <sPointSet<35>>.
    Found 14-bit register for signal <sPointSet<34>>.
    Found 14-bit register for signal <sPointSet<33>>.
    Found 14-bit register for signal <sPointSet<32>>.
    Found 14-bit register for signal <sPointSet<31>>.
    Found 14-bit register for signal <sPointSet<30>>.
    Found 14-bit register for signal <sPointSet<29>>.
    Found 14-bit register for signal <sPointSet<28>>.
    Found 14-bit register for signal <sPointSet<27>>.
    Found 14-bit register for signal <sPointSet<26>>.
    Found 14-bit register for signal <sPointSet<25>>.
    Found 14-bit register for signal <sPointSet<24>>.
    Found 14-bit register for signal <sPointSet<23>>.
    Found 14-bit register for signal <sPointSet<22>>.
    Found 14-bit register for signal <sPointSet<21>>.
    Found 14-bit register for signal <sPointSet<20>>.
    Found 14-bit register for signal <sPointSet<19>>.
    Found 14-bit register for signal <sPointSet<18>>.
    Found 14-bit register for signal <sPointSet<17>>.
    Found 14-bit register for signal <sPointSet<16>>.
    Found 14-bit register for signal <sPointSet<15>>.
    Found 14-bit register for signal <sPointSet<14>>.
    Found 14-bit register for signal <sPointSet<13>>.
    Found 14-bit register for signal <sPointSet<12>>.
    Found 14-bit register for signal <sPointSet<11>>.
    Found 14-bit register for signal <sPointSet<10>>.
    Found 14-bit register for signal <sPointSet<9>>.
    Found 14-bit register for signal <sPointSet<8>>.
    Found 14-bit register for signal <sPointSet<7>>.
    Found 14-bit register for signal <sPointSet<6>>.
    Found 14-bit register for signal <sPointSet<5>>.
    Found 14-bit register for signal <sPointSet<4>>.
    Found 14-bit register for signal <sPointSet<3>>.
    Found 14-bit register for signal <sPointSet<2>>.
    Found 14-bit register for signal <sPointSet<1>>.
    Found 14-bit register for signal <sPointSet<0>>.
    Found 6-bit register for signal <counter>.
    Found 6-bit adder for signal <counter[5]_GND_5_o_add_1_OUT> created at line 55.
    Summary:
	inferred   1 Adder/Subtractor(s).
	inferred 609 D-type flip-flop(s).
Unit <PointBuffer> synthesized.

=========================================================================
HDL Synthesis Report

Macro Statistics
# Adders/Subtractors                                   : 1
 6-bit adder                                           : 1
# Registers                                            : 45
 1-bit register                                        : 1
 14-bit register                                       : 43
 6-bit register                                        : 1

=========================================================================

=========================================================================
*                       Advanced HDL Synthesis                          *
=========================================================================


Synthesizing (advanced) Unit <PointBuffer>.
The following registers are absorbed into counter <counter>: 1 register on signal <counter>.
Unit <PointBuffer> synthesized (advanced).

=========================================================================
Advanced HDL Synthesis Report

Macro Statistics
# Counters                                             : 1
 6-bit up counter                                      : 1
# Registers                                            : 603
 Flip-Flops                                            : 603

=========================================================================

=========================================================================
*                         Low Level Synthesis                           *
=========================================================================

Optimizing unit <PointBuffer> ...

Mapping all equations...
Building and optimizing final netlist ...
Found area constraint ratio of 100 (+ 5) on block PointBuffer, actual ratio is 1.
FlipFlop sPointSet_0_13 has been replicated 1 time(s) to handle iob=true attribute.
FlipFlop sPointSet_0_12 has been replicated 1 time(s) to handle iob=true attribute.
FlipFlop sPointSet_0_11 has been replicated 1 time(s) to handle iob=true attribute.
FlipFlop sPointSet_0_10 has been replicated 1 time(s) to handle iob=true attribute.
FlipFlop sPointSet_0_9 has been replicated 1 time(s) to handle iob=true attribute.
FlipFlop sPointSet_0_8 has been replicated 1 time(s) to handle iob=true attribute.
FlipFlop sPointSet_0_7 has been replicated 1 time(s) to handle iob=true attribute.
FlipFlop sPointSet_0_6 has been replicated 1 time(s) to handle iob=true attribute.
FlipFlop sPointSet_0_5 has been replicated 1 time(s) to handle iob=true attribute.
FlipFlop sPointSet_0_4 has been replicated 1 time(s) to handle iob=true attribute.
FlipFlop sPointSet_0_3 has been replicated 1 time(s) to handle iob=true attribute.
FlipFlop sPointSet_0_2 has been replicated 1 time(s) to handle iob=true attribute.
FlipFlop sPointSet_0_1 has been replicated 1 time(s) to handle iob=true attribute.
FlipFlop sPointSet_0_0 has been replicated 1 time(s) to handle iob=true attribute.

Final Macro Processing ...

=========================================================================
Final Register Report

Macro Statistics
# Registers                                            : 623
 Flip-Flops                                            : 623

=========================================================================

=========================================================================
*                           Partition Report                            *
=========================================================================

Partition Implementation Status
-------------------------------

  No Partitions were found in this design.

-------------------------------

=========================================================================
*                            Design Summary                             *
=========================================================================

Top Level Output File Name         : PointBuffer.ngc

Primitive and Black Box Usage:
------------------------------
# BELS                             : 12
#      LUT2                        : 1
#      LUT3                        : 1
#      LUT4                        : 1
#      LUT5                        : 3
#      LUT6                        : 5
#      MUXF7                       : 1
# FlipFlops/Latches                : 623
#      FD                          : 7
#      FDRE                        : 616
# Clock Buffers                    : 1
#      BUFGP                       : 1
# IO Buffers                       : 619
#      IBUF                        : 16
#      OBUF                        : 603

Device utilization summary:
---------------------------

Selected Device : 7z020clg400-2 


Slice Logic Utilization: 
 Number of Slice Registers:             609  out of  106400     0%  
 Number of Slice LUTs:                   11  out of  53200     0%  
    Number used as Logic:                11  out of  53200     0%  

Slice Logic Distribution: 
 Number of LUT Flip Flop pairs used:    613
   Number with an unused Flip Flop:       4  out of    613     0%  
   Number with an unused LUT:           602  out of    613    98%  
   Number of fully used LUT-FF pairs:     7  out of    613     1%  
   Number of unique control sets:         2

IO Utilization: 
 Number of IOs:                         620
 Number of bonded IOBs:                 620  out of    125   496% (*) 
    IOB Flip Flops/Latches:              14

Specific Feature Utilization:
 Number of BUFG/BUFGCTRLs:                1  out of     32     3%  

WARNING:Xst:1336 -  (*) More than 100% of Device resources are used

---------------------------
Partition Resource Summary:
---------------------------

  No Partitions were found in this design.

---------------------------


=========================================================================
Timing Report

NOTE: THESE TIMING NUMBERS ARE ONLY A SYNTHESIS ESTIMATE.
      FOR ACCURATE TIMING INFORMATION PLEASE REFER TO THE TRACE REPORT
      GENERATED AFTER PLACE-and-ROUTE.

Clock Information:
------------------
-----------------------------------+------------------------+-------+
Clock Signal                       | Clock buffer(FF name)  | Load  |
-----------------------------------+------------------------+-------+
clk                                | BUFGP                  | 623   |
-----------------------------------+------------------------+-------+

Asynchronous Control Signals Information:
----------------------------------------
No asynchronous control signals found in this design

Timing Summary:
---------------
Speed Grade: -2

   Minimum period: 1.369ns (Maximum Frequency: 730.247MHz)
   Minimum input arrival time before clock: 1.056ns
   Maximum output required time after clock: 0.580ns
   Maximum combinational path delay: No path found

Timing Details:
---------------
All values displayed in nanoseconds (ns)

=========================================================================
Timing constraint: Default period analysis for Clock 'clk'
  Clock period: 1.369ns (frequency: 730.247MHz)
  Total number of paths / destination ports: 644 / 595
-------------------------------------------------------------------------
Delay:               1.369ns (Levels of Logic = 2)
  Source:            counter_0 (FF)
  Destination:       counter_5 (FF)
  Source Clock:      clk rising
  Destination Clock: clk rising

  Data Path: counter_0 to counter_5
                                Gate     Net
    Cell:in->out      fanout   Delay   Delay  Logical Name (Net Name)
    ----------------------------------------  ------------
     FD:C->Q               8   0.236   0.642  counter_0 (counter_0)
     LUT6:I1->O            1   0.043   0.405  Mcount_counter_xor<5>11 (Result<5>)
     LUT5:I3->O            1   0.043   0.000  counter_5_rstpot (counter_5_rstpot)
     FD:D                     -0.000          counter_5
    ----------------------------------------
    Total                      1.369ns (0.322ns logic, 1.047ns route)
                                       (23.5% logic, 76.5% route)

=========================================================================
Timing constraint: Default OFFSET IN BEFORE for Clock 'clk'
  Total number of paths / destination ports: 1276 / 1267
-------------------------------------------------------------------------
Offset:              1.056ns (Levels of Logic = 3)
  Source:            rst (PAD)
  Destination:       counter_4 (FF)
  Destination Clock: clk rising

  Data Path: rst to counter_4
                                Gate     Net
    Cell:in->out      fanout   Delay   Delay  Logical Name (Net Name)
    ----------------------------------------  ------------
     IBUF:I->O           624   0.000   0.835  rst_IBUF (rst_IBUF)
     LUT6:I0->O            1   0.043   0.000  counter_4_rstpot_G (N6)
     MUXF7:I1->O           1   0.178   0.000  counter_4_rstpot (counter_4_rstpot)
     FD:D                     -0.000          counter_4
    ----------------------------------------
    Total                      1.056ns (0.221ns logic, 0.835ns route)
                                       (20.9% logic, 79.1% route)

=========================================================================
Timing constraint: Default OFFSET OUT AFTER for Clock 'clk'
  Total number of paths / destination ports: 603 / 603
-------------------------------------------------------------------------
Offset:              0.580ns (Levels of Logic = 1)
  Source:            sPointSet_41_13 (FF)
  Destination:       pointSet<41><13> (PAD)
  Source Clock:      clk rising

  Data Path: sPointSet_41_13 to pointSet<41><13>
                                Gate     Net
    Cell:in->out      fanout   Delay   Delay  Logical Name (Net Name)
    ----------------------------------------  ------------
     FDRE:C->Q             2   0.236   0.344  sPointSet_41_13 (sPointSet_41_13)
     OBUF:I->O                 0.000          pointSet_41__13_OBUF (pointSet<41><13>)
    ----------------------------------------
    Total                      0.580ns (0.236ns logic, 0.344ns route)
                                       (40.7% logic, 59.3% route)

=========================================================================

Cross Clock Domains Report:
--------------------------

Clock to Setup on destination clock clk
---------------+---------+---------+---------+---------+
               | Src:Rise| Src:Fall| Src:Rise| Src:Fall|
Source Clock   |Dest:Rise|Dest:Rise|Dest:Fall|Dest:Fall|
---------------+---------+---------+---------+---------+
clk            |    1.369|         |         |         |
---------------+---------+---------+---------+---------+

=========================================================================


Total REAL time to Xst completion: 12.00 secs
Total CPU time to Xst completion: 11.66 secs
 
--> 


Total memory usage is 517976 kilobytes

Number of errors   :    0 (   0 filtered)
Number of warnings :    1 (   0 filtered)
Number of infos    :    0 (   0 filtered)

