Release 14.6 - xst P.68d (lin64)
Copyright (c) 1995-2013 Xilinx, Inc.  All rights reserved.
--> 
Parameter TMPDIR set to xst/projnav.tmp


Total REAL time to Xst completion: 0.00 secs
Total CPU time to Xst completion: 0.06 secs
 
--> 
Parameter xsthdpdir set to xst


Total REAL time to Xst completion: 0.00 secs
Total CPU time to Xst completion: 0.06 secs
 
--> 
Reading design: rom_coe.prj

TABLE OF CONTENTS
  1) Synthesis Options Summary
  2) HDL Parsing
  3) HDL Elaboration
  4) HDL Synthesis
       4.1) HDL Synthesis Report
  5) Advanced HDL Synthesis
       5.1) Advanced HDL Synthesis Report
  6) Low Level Synthesis
  7) Partition Report
  8) Design Summary
       8.1) Primitive and Black Box Usage
       8.2) Device utilization summary
       8.3) Partition Resource Summary
       8.4) Timing Report
            8.4.1) Clock Information
            8.4.2) Asynchronous Control Signals Information
            8.4.3) Timing Summary
            8.4.4) Timing Details
            8.4.5) Cross Clock Domains Report


=========================================================================
*                      Synthesis Options Summary                        *
=========================================================================
---- Source Parameters
Input File Name                    : "rom_coe.prj"
Ignore Synthesis Constraint File   : NO

---- Target Parameters
Output File Name                   : "rom_coe"
Output Format                      : NGC
Target Device                      : xc7z020-2-clg400

---- Source Options
Top Module Name                    : rom_coe
Automatic FSM Extraction           : YES
FSM Encoding Algorithm             : Auto
Safe Implementation                : No
FSM Style                          : LUT
RAM Extraction                     : Yes
RAM Style                          : Auto
ROM Extraction                     : Yes
Shift Register Extraction          : YES
ROM Style                          : Auto
Resource Sharing                   : YES
Asynchronous To Synchronous        : NO
Shift Register Minimum Size        : 2
Use DSP Block                      : Auto
Automatic Register Balancing       : No

---- Target Options
LUT Combining                      : Auto
Reduce Control Sets                : Auto
Add IO Buffers                     : YES
Global Maximum Fanout              : 100000
Add Generic Clock Buffer(BUFG)     : 32
Register Duplication               : YES
Optimize Instantiated Primitives   : NO
Use Clock Enable                   : Auto
Use Synchronous Set                : Auto
Use Synchronous Reset              : Auto
Pack IO Registers into IOBs        : Auto
Equivalent register Removal        : YES

---- General Options
Optimization Goal                  : Speed
Optimization Effort                : 1
Power Reduction                    : NO
Keep Hierarchy                     : No
Netlist Hierarchy                  : As_Optimized
RTL Output                         : Yes
Global Optimization                : AllClockNets
Read Cores                         : YES
Write Timing Constraints           : NO
Cross Clock Analysis               : NO
Hierarchy Separator                : /
Bus Delimiter                      : <>
Case Specifier                     : Maintain
Slice Utilization Ratio            : 100
BRAM Utilization Ratio             : 100
DSP48 Utilization Ratio            : 100
Auto BRAM Packing                  : NO
Slice Utilization Ratio Delta      : 5

---- Other Options
Cores Search Directories           : {"ipcore_dir"  }

=========================================================================


=========================================================================
*                          HDL Parsing                                  *
=========================================================================
Parsing VHDL file "/media/DATA42/Dropbox/EmbeddedRetina/embeddedretina_ise/RetinaParameters.vhd" into library work
Parsing package <RetinaParameters>.
Parsing package body <RetinaParameters>.
Parsing VHDL file "/media/DATA42/Dropbox/EmbeddedRetina/embeddedretina_ise/rom_coe.vhd" into library work
Parsing entity <rom_coe>.
Parsing architecture <Behavioral> of entity <rom_coe>.

=========================================================================
*                            HDL Elaboration                            *
=========================================================================

Elaborating entity <rom_coe> (architecture <Behavioral>) from library <work>.

=========================================================================
*                           HDL Synthesis                               *
=========================================================================

Synthesizing Unit <rom_coe>.
    Related source file is "/media/DATA42/Dropbox/EmbeddedRetina/embeddedretina_ise/rom_coe.vhd".
    Found 55-bit register for signal <data_out>.
    Found 64x55-bit Read Only RAM for signal <n0004[54:0]>
    Summary:
	inferred   1 RAM(s).
	inferred  55 D-type flip-flop(s).
Unit <rom_coe> synthesized.

=========================================================================
HDL Synthesis Report

Macro Statistics
# RAMs                                                 : 1
 64x55-bit single-port Read Only RAM                   : 1
# Registers                                            : 1
 55-bit register                                       : 1

=========================================================================

=========================================================================
*                       Advanced HDL Synthesis                          *
=========================================================================


Synthesizing (advanced) Unit <rom_coe>.
INFO:Xst:3231 - The small RAM <Mram_n0004[54:0]> will be implemented on LUTs in order to maximize performance and save block RAM resources. If you want to force its implementation on block, use option/constraint ram_style.
    -----------------------------------------------------------------------
    | ram_type           | Distributed                         |          |
    -----------------------------------------------------------------------
    | Port A                                                              |
    |     aspect ratio   | 64-word x 55-bit                    |          |
    |     weA            | connected to signal <GND>           | high     |
    |     addrA          | connected to signal <address>       |          |
    |     diA            | connected to signal <GND>           |          |
    |     doA            | connected to internal node          |          |
    -----------------------------------------------------------------------
Unit <rom_coe> synthesized (advanced).

=========================================================================
Advanced HDL Synthesis Report

Macro Statistics
# RAMs                                                 : 1
 64x55-bit single-port distributed Read Only RAM       : 1
# Registers                                            : 55
 Flip-Flops                                            : 55

=========================================================================

=========================================================================
*                         Low Level Synthesis                           *
=========================================================================
WARNING:Xst:1710 - FF/Latch <data_out_7> (without init value) has a constant value of 0 in block <rom_coe>. This FF/Latch will be trimmed during the optimization process.
WARNING:Xst:1895 - Due to other FF/Latch trimming, FF/Latch <data_out_8> (without init value) has a constant value of 0 in block <rom_coe>. This FF/Latch will be trimmed during the optimization process.
WARNING:Xst:1895 - Due to other FF/Latch trimming, FF/Latch <data_out_9> (without init value) has a constant value of 0 in block <rom_coe>. This FF/Latch will be trimmed during the optimization process.
WARNING:Xst:1895 - Due to other FF/Latch trimming, FF/Latch <data_out_10> (without init value) has a constant value of 0 in block <rom_coe>. This FF/Latch will be trimmed during the optimization process.
WARNING:Xst:1895 - Due to other FF/Latch trimming, FF/Latch <data_out_19> (without init value) has a constant value of 0 in block <rom_coe>. This FF/Latch will be trimmed during the optimization process.
WARNING:Xst:1895 - Due to other FF/Latch trimming, FF/Latch <data_out_20> (without init value) has a constant value of 0 in block <rom_coe>. This FF/Latch will be trimmed during the optimization process.
WARNING:Xst:1895 - Due to other FF/Latch trimming, FF/Latch <data_out_21> (without init value) has a constant value of 0 in block <rom_coe>. This FF/Latch will be trimmed during the optimization process.
WARNING:Xst:1895 - Due to other FF/Latch trimming, FF/Latch <data_out_30> (without init value) has a constant value of 0 in block <rom_coe>. This FF/Latch will be trimmed during the optimization process.
WARNING:Xst:1895 - Due to other FF/Latch trimming, FF/Latch <data_out_31> (without init value) has a constant value of 0 in block <rom_coe>. This FF/Latch will be trimmed during the optimization process.
WARNING:Xst:1895 - Due to other FF/Latch trimming, FF/Latch <data_out_32> (without init value) has a constant value of 0 in block <rom_coe>. This FF/Latch will be trimmed during the optimization process.
WARNING:Xst:1895 - Due to other FF/Latch trimming, FF/Latch <data_out_42> (without init value) has a constant value of 0 in block <rom_coe>. This FF/Latch will be trimmed during the optimization process.
WARNING:Xst:1895 - Due to other FF/Latch trimming, FF/Latch <data_out_43> (without init value) has a constant value of 0 in block <rom_coe>. This FF/Latch will be trimmed during the optimization process.
WARNING:Xst:1895 - Due to other FF/Latch trimming, FF/Latch <data_out_53> (without init value) has a constant value of 0 in block <rom_coe>. This FF/Latch will be trimmed during the optimization process.

Optimizing unit <rom_coe> ...

Mapping all equations...
Building and optimizing final netlist ...
Found area constraint ratio of 100 (+ 5) on block rom_coe, actual ratio is 0.

Final Macro Processing ...

=========================================================================
Final Register Report

Macro Statistics
# Registers                                            : 42
 Flip-Flops                                            : 42

=========================================================================

=========================================================================
*                           Partition Report                            *
=========================================================================

Partition Implementation Status
-------------------------------

  No Partitions were found in this design.

-------------------------------

=========================================================================
*                            Design Summary                             *
=========================================================================

Top Level Output File Name         : rom_coe.ngc

Primitive and Black Box Usage:
------------------------------
# BELS                             : 36
#      GND                         : 1
#      LUT6                        : 35
# FlipFlops/Latches                : 42
#      FD                          : 42
# Clock Buffers                    : 1
#      BUFGP                       : 1
# IO Buffers                       : 61
#      IBUF                        : 6
#      OBUF                        : 55

Device utilization summary:
---------------------------

Selected Device : 7z020clg400-2 


Slice Logic Utilization: 
 Number of Slice LUTs:                   35  out of  53200     0%  
    Number used as Logic:                35  out of  53200     0%  

Slice Logic Distribution: 
 Number of LUT Flip Flop pairs used:     35
   Number with an unused Flip Flop:      35  out of     35   100%  
   Number with an unused LUT:             0  out of     35     0%  
   Number of fully used LUT-FF pairs:     0  out of     35     0%  
   Number of unique control sets:         1

IO Utilization: 
 Number of IOs:                          62
 Number of bonded IOBs:                  62  out of    125    49%  
    IOB Flip Flops/Latches:              42

Specific Feature Utilization:
 Number of BUFG/BUFGCTRLs:                1  out of     32     3%  

---------------------------
Partition Resource Summary:
---------------------------

  No Partitions were found in this design.

---------------------------


=========================================================================
Timing Report

NOTE: THESE TIMING NUMBERS ARE ONLY A SYNTHESIS ESTIMATE.
      FOR ACCURATE TIMING INFORMATION PLEASE REFER TO THE TRACE REPORT
      GENERATED AFTER PLACE-and-ROUTE.

Clock Information:
------------------
-----------------------------------+------------------------+-------+
Clock Signal                       | Clock buffer(FF name)  | Load  |
-----------------------------------+------------------------+-------+
clk                                | BUFGP                  | 42    |
-----------------------------------+------------------------+-------+

Asynchronous Control Signals Information:
----------------------------------------
No asynchronous control signals found in this design

Timing Summary:
---------------
Speed Grade: -2

   Minimum period: No path found
   Minimum input arrival time before clock: 0.786ns
   Maximum output required time after clock: 0.575ns
   Maximum combinational path delay: No path found

Timing Details:
---------------
All values displayed in nanoseconds (ns)

=========================================================================
Timing constraint: Default OFFSET IN BEFORE for Clock 'clk'
  Total number of paths / destination ports: 252 / 42
-------------------------------------------------------------------------
Offset:              0.786ns (Levels of Logic = 2)
  Source:            address<5> (PAD)
  Destination:       data_out_0 (FF)
  Destination Clock: clk rising

  Data Path: address<5> to data_out_0
                                Gate     Net
    Cell:in->out      fanout   Delay   Delay  Logical Name (Net Name)
    ----------------------------------------  ------------
     IBUF:I->O            35   0.000   0.743  address_5_IBUF (address_5_IBUF)
     LUT6:I0->O            1   0.043   0.000  Mram_n0004[54:0]11 (n0004[54:0]<0>)
     FD:D                     -0.000          data_out_0
    ----------------------------------------
    Total                      0.786ns (0.043ns logic, 0.743ns route)
                                       (5.5% logic, 94.5% route)

=========================================================================
Timing constraint: Default OFFSET OUT AFTER for Clock 'clk'
  Total number of paths / destination ports: 42 / 42
-------------------------------------------------------------------------
Offset:              0.575ns (Levels of Logic = 1)
  Source:            data_out_54 (FF)
  Destination:       data_out<54> (PAD)
  Source Clock:      clk rising

  Data Path: data_out_54 to data_out<54>
                                Gate     Net
    Cell:in->out      fanout   Delay   Delay  Logical Name (Net Name)
    ----------------------------------------  ------------
     FD:C->Q               1   0.236   0.339  data_out_54 (data_out_54)
     OBUF:I->O                 0.000          data_out_54_OBUF (data_out<54>)
    ----------------------------------------
    Total                      0.575ns (0.236ns logic, 0.339ns route)
                                       (41.0% logic, 59.0% route)

=========================================================================

Cross Clock Domains Report:
--------------------------

=========================================================================


Total REAL time to Xst completion: 9.00 secs
Total CPU time to Xst completion: 9.01 secs
 
--> 


Total memory usage is 516312 kilobytes

Number of errors   :    0 (   0 filtered)
Number of warnings :   13 (   0 filtered)
Number of infos    :    1 (   0 filtered)

