Release 14.6 - xst P.68d (lin64)
Copyright (c) 1995-2013 Xilinx, Inc.  All rights reserved.
--> 
Parameter TMPDIR set to xst/projnav.tmp


Total REAL time to Xst completion: 0.00 secs
Total CPU time to Xst completion: 0.08 secs
 
--> 
Parameter xsthdpdir set to xst


Total REAL time to Xst completion: 0.00 secs
Total CPU time to Xst completion: 0.08 secs
 
--> 
Reading design: TOP_DESIGN.prj

TABLE OF CONTENTS
  1) Synthesis Options Summary
  2) HDL Compilation
  3) Design Hierarchy Analysis
  4) HDL Analysis
  5) HDL Synthesis
     5.1) HDL Synthesis Report
  6) Advanced HDL Synthesis
     6.1) Advanced HDL Synthesis Report
  7) Low Level Synthesis
  8) Partition Report
  9) Final Report
	9.1) Device utilization summary
	9.2) Partition Resource Summary
	9.3) TIMING REPORT


=========================================================================
*                      Synthesis Options Summary                        *
=========================================================================
---- Source Parameters
Input File Name                    : "TOP_DESIGN.prj"
Input Format                       : mixed
Ignore Synthesis Constraint File   : NO

---- Target Parameters
Output File Name                   : "TOP_DESIGN"
Output Format                      : NGC
Target Device                      : xc4vfx60-11-ff672

---- Source Options
Top Module Name                    : TOP_DESIGN
Automatic FSM Extraction           : YES
FSM Encoding Algorithm             : Auto
Safe Implementation                : No
FSM Style                          : LUT
RAM Extraction                     : Yes
RAM Style                          : Auto
ROM Extraction                     : Yes
Mux Style                          : Auto
Decoder Extraction                 : YES
Priority Encoder Extraction        : Yes
Shift Register Extraction          : YES
Logical Shifter Extraction         : YES
XOR Collapsing                     : YES
ROM Style                          : Auto
Mux Extraction                     : Yes
Resource Sharing                   : YES
Asynchronous To Synchronous        : NO
Use DSP Block                      : Auto
Automatic Register Balancing       : No

---- Target Options
Add IO Buffers                     : YES
Global Maximum Fanout              : 500
Add Generic Clock Buffer(BUFG)     : 32
Number of Regional Clock Buffers   : 32
Register Duplication               : YES
Slice Packing                      : YES
Optimize Instantiated Primitives   : NO
Use Clock Enable                   : Auto
Use Synchronous Set                : Auto
Use Synchronous Reset              : Auto
Pack IO Registers into IOBs        : Auto
Equivalent register Removal        : YES

---- General Options
Optimization Goal                  : Speed
Optimization Effort                : 1
Power Reduction                    : NO
Keep Hierarchy                     : No
Netlist Hierarchy                  : As_Optimized
RTL Output                         : Yes
Global Optimization                : AllClockNets
Read Cores                         : YES
Write Timing Constraints           : NO
Cross Clock Analysis               : NO
Hierarchy Separator                : /
Bus Delimiter                      : <>
Case Specifier                     : Maintain
Slice Utilization Ratio            : 100
BRAM Utilization Ratio             : 100
DSP48 Utilization Ratio            : 100
Verilog 2001                       : YES
Auto BRAM Packing                  : NO
Slice Utilization Ratio Delta      : 5

---- Other Options
Cores Search Directories           : {"ipcore_dir"  }

=========================================================================


=========================================================================
*                          HDL Compilation                              *
=========================================================================
WARNING:HDLParsers:3516 - Found error in file "/media/DATA42/Dropbox/EmbeddedRetina/embeddedretina_ise/TOP_DESIGN.vhd". 
WARNING:HDLParsers:3607 - Unit work/IntermediateRegsConv is now defined in a different file.  It was defined in "E:/Dropbox/Projects/EmbeddedRetina/EmbeddedRetina_ISE/IntermediateRegsConv.vhd", and is now defined in "/media/DATA42/Dropbox/EmbeddedRetina/embeddedretina_ise/IntermediateRegsConv.vhd".
WARNING:HDLParsers:3607 - Unit work/IntermediateRegsConv/BEHAVIORAL is now defined in a different file.  It was defined in "E:/Dropbox/Projects/EmbeddedRetina/EmbeddedRetina_ISE/IntermediateRegsConv.vhd", and is now defined in "/media/DATA42/Dropbox/EmbeddedRetina/embeddedretina_ise/IntermediateRegsConv.vhd".
WARNING:HDLParsers:3458 - Because of erroneous VHDL file(s), automatic determination of correct order of compilation of files in project file "/media/DATA42/Dropbox/EmbeddedRetina/embeddedretina_ise/TOP_DESIGN_vhdl.prj" may be inaccurate. Please put the files in the project file in correct order with keyword 'nosort' at end of the project file, or compile your vhdl file(s) individually to find and fix the error(s) in your vhdl file(s). 
Compiling vhdl file "/media/DATA42/Dropbox/EmbeddedRetina/embeddedretina_ise/RetinaParameters.vhd" in Library work.
Package <retinaparameters> compiled.
Package body <retinaparameters> compiled.
Compiling vhdl file "/media/DATA42/Dropbox/EmbeddedRetina/embeddedretina_ise/ROM_PAIRS.vhd" in Library work.
Entity <rom_pairs> compiled.
Entity <rom_pairs> (Architecture <behavioral>) compiled.
Compiling vhdl file "/media/DATA42/Dropbox/EmbeddedRetina/embeddedretina_ise/PointBuffer.vhd" in Library work.
Entity <pointbuffer> compiled.
Entity <pointbuffer> (Architecture <behavioral>) compiled.
Compiling vhdl file "/media/DATA42/Dropbox/EmbeddedRetina/embeddedretina_ise/DescriptorMaker.vhd" in Library work.
Entity <descriptormaker> compiled.
Entity <descriptormaker> (Architecture <behavioral>) compiled.
Compiling vhdl file "/media/DATA42/Dropbox/EmbeddedRetina/embeddedretina_ise/rom_coe.vhd" in Library work.
Entity <rom_coe> compiled.
Entity <rom_coe> (Architecture <behavioral>) compiled.
Compiling vhdl file "/media/DATA42/Dropbox/EmbeddedRetina/embeddedretina_ise/VerticalConvolution.vhd" in Library work.
Entity <verticalconvolution> compiled.
Entity <verticalconvolution> (Architecture <behavioral>) compiled.
Compiling vhdl file "/media/DATA42/Dropbox/EmbeddedRetina/embeddedretina_ise/IntermediateRegsConv.vhd" in Library work.
Entity <intermediateregsconv> compiled.
Entity <intermediateregsconv> (Architecture <behavioral>) compiled.
Compiling vhdl file "/media/DATA42/Dropbox/EmbeddedRetina/embeddedretina_ise/HorizontalConvolution.vhd" in Library work.
Entity <horizontalconvolution> compiled.
Entity <horizontalconvolution> (Architecture <behavioral>) compiled.
Compiling vhdl file "/media/DATA42/Dropbox/EmbeddedRetina/embeddedretina_ise/KeypointReader.vhd" in Library work.
Entity <keypointreader> compiled.
Entity <keypointreader> (Architecture <behavioral>) compiled.
Compiling vhdl file "/media/DATA42/Dropbox/EmbeddedRetina/embeddedretina_ise/AddressGenerator.vhd" in Library work.
Entity <addressgenerator> compiled.
Entity <addressgenerator> (Architecture <behavioral>) compiled.
Compiling vhdl file "/media/DATA42/Dropbox/EmbeddedRetina/embeddedretina_ise/ImagePatchReader.vhd" in Library work.
Entity <imagepatchreader> compiled.
Entity <imagepatchreader> (Architecture <behavioral>) compiled.
Compiling vhdl file "/media/DATA42/Dropbox/EmbeddedRetina/embeddedretina_ise/GaussianFilter.vhd" in Library work.
Entity <gaussianfilter> compiled.
Entity <gaussianfilter> (Architecture <behavioral>) compiled.
Compiling vhdl file "/media/DATA42/Dropbox/EmbeddedRetina/embeddedretina_ise/TopDescriptorMaker.vhd" in Library work.
Entity <TopDescriptorMaker> compiled.
Entity <TopDescriptorMaker> (Architecture <BEHAVIORAL>) compiled.
Compiling vhdl file "/media/DATA42/Dropbox/EmbeddedRetina/embeddedretina_ise/RetinaDescriptorGenerator.vhd" in Library work.
Entity <retinadescriptorgenerator> compiled.
Entity <retinadescriptorgenerator> (Architecture <behavioral>) compiled.
Compiling vhdl file "/media/DATA42/Dropbox/EmbeddedRetina/embeddedretina_ise/TOP_DESIGN.vhd" in Library work.
Entity <TOP_DESIGN> compiled.
ERROR:HDLParsers:812 - "/media/DATA42/Dropbox/EmbeddedRetina/embeddedretina_ise/TOP_DESIGN.vhd" Line 107. A value is missing in case.
ERROR:HDLParsers:164 - "/media/DATA42/Dropbox/EmbeddedRetina/embeddedretina_ise/TOP_DESIGN.vhd" Line 111. parse error, unexpected END
ERROR:HDLParsers:164 - "/media/DATA42/Dropbox/EmbeddedRetina/embeddedretina_ise/TOP_DESIGN.vhd" Line 113. parse error, unexpected PROCESS, expecting IF
--> 


Total memory usage is 521724 kilobytes

Number of errors   :    3 (   0 filtered)
Number of warnings :    4 (   0 filtered)
Number of infos    :    0 (   0 filtered)

