EN rom_gauss_coe NULL /media/DATA42/Projects/EmbeddedRetina/EmbeddedRetina_ISE/ipcore_dir/ROM_GAUSS_COE.vhd sub00/vhpl02 1398462496
EN pointbuffer NULL /media/DATA42/Dropbox/EmbeddedRetina/embeddedretina_ise/PointBuffer.vhd sub00/vhpl21 1409951353
AR addressgenerator behavioral /media/DATA42/Dropbox/EmbeddedRetina/embeddedretina_ise/AddressGenerator.vhd sub00/vhpl18 1409951368
AR intermediateregsconv behavioral /media/DATA42/Dropbox/EmbeddedRetina/embeddedretina_ise/IntermediateRegsConv.vhd sub00/vhpl07 1409951362
AR rom_gauss_coe rom_gauss_coe_a /media/DATA42/Projects/EmbeddedRetina/EmbeddedRetina_ISE/ipcore_dir/ROM_GAUSS_COE.vhd sub00/vhpl03 1398462497
EN keypointreader NULL /media/DATA42/Dropbox/EmbeddedRetina/embeddedretina_ise/KeypointReader.vhd sub00/vhpl15 1409951365
AR keypointreader behavioral /media/DATA42/Dropbox/EmbeddedRetina/embeddedretina_ise/KeypointReader.vhd sub00/vhpl16 1409951366
AR verticalconvolution behavioral /media/DATA42/Dropbox/EmbeddedRetina/embeddedretina_ise/VerticalConvolution.vhd sub00/vhpl05 1409951360
EN pointfifo NULL /media/DATA42/Dropbox/EmbeddedRetina/embeddedretina_ise/PointFifo.vhd sub00/vhpl34 1400872944
AR dog behavioral E:/Dropbox/Projects/EmbeddedRetina/EmbeddedRetina_ISE/DoG.vhd sub00/vhpl26 1400121626
AR rom_coe behavioral /media/DATA42/Dropbox/EmbeddedRetina/embeddedretina_ise/rom_coe.vhd sub00/vhpl14 1409951358
EN rom_pairs NULL /media/DATA42/Dropbox/EmbeddedRetina/embeddedretina_ise/ROM_PAIRS.vhd sub00/vhpl36 1409951351
AR horizontalconvolution behavioral /media/DATA42/Dropbox/EmbeddedRetina/embeddedretina_ise/HorizontalConvolution.vhd sub00/vhpl09 1409951364
EN intermediatebufferconv NULL /media/DATA42/Dropbox/EmbeddedRetina/embeddedretina_ise/IntermediateBufferConv.vhd sub00/vhpl32 1400982399
PB retinaparameters retinaparameters /media/DATA42/Dropbox/EmbeddedRetina/embeddedretina_ise/RetinaParameters.vhd sub00/vhpl01 1409951350
AR gaussianfilter behavioral /media/DATA42/Dropbox/EmbeddedRetina/embeddedretina_ise/GaussianFilter.vhd sub00/vhpl11 1409951372
AR retinadescriptorgenerator behavioral /media/DATA42/Dropbox/EmbeddedRetina/embeddedretina_ise/RetinaDescriptorGenerator.vhd sub00/vhpl29 1409951376
EN rom_coe NULL /media/DATA42/Dropbox/EmbeddedRetina/embeddedretina_ise/rom_coe.vhd sub00/vhpl13 1409951357
AR pointfifo behavioral /media/DATA42/Dropbox/EmbeddedRetina/embeddedretina_ise/PointFifo.vhd sub00/vhpl35 1400539951
EN topdescriptormaker NULL /media/DATA42/Dropbox/EmbeddedRetina/embeddedretina_ise/TopDescriptorMaker.vhd sub00/vhpl38 1409951373
AR topdescriptormaker behavioral /media/DATA42/Dropbox/EmbeddedRetina/embeddedretina_ise/TopDescriptorMaker.vhd sub00/vhpl39 1409951374
EN top_design NULL /media/DATA42/Dropbox/EmbeddedRetina/embeddedretina_ise/TOP_DESIGN.vhd sub00/vhpl40 1409860047
EN dog NULL E:/Dropbox/Projects/EmbeddedRetina/EmbeddedRetina_ISE/DoG.vhd sub00/vhpl25 1400121625
EN verticalconvolution NULL /media/DATA42/Dropbox/EmbeddedRetina/embeddedretina_ise/VerticalConvolution.vhd sub00/vhpl04 1409951359
EN descriptormaker NULL /media/DATA42/Dropbox/EmbeddedRetina/embeddedretina_ise/DescriptorMaker.vhd sub00/vhpl27 1409951355
PH retinaparameters NULL /media/DATA42/Dropbox/EmbeddedRetina/embeddedretina_ise/RetinaParameters.vhd sub00/vhpl00 1409951349
EN pairselector NULL E:/Dropbox/Projects/EmbeddedRetina/EmbeddedRetina_ISE/PairSelector.vhd sub00/vhpl23 1400121623
AR pairselector behavioral E:/Dropbox/Projects/EmbeddedRetina/EmbeddedRetina_ISE/PairSelector.vhd sub00/vhpl24 1400121624
EN intermediateregsconv NULL /media/DATA42/Dropbox/EmbeddedRetina/embeddedretina_ise/IntermediateRegsConv.vhd sub00/vhpl06 1409951361
AR rom_pairs behavioral /media/DATA42/Dropbox/EmbeddedRetina/embeddedretina_ise/ROM_PAIRS.vhd sub00/vhpl37 1409951352
EN gaussianfilter NULL /media/DATA42/Dropbox/EmbeddedRetina/embeddedretina_ise/GaussianFilter.vhd sub00/vhpl10 1409951371
AR descriptormaker behavioral /media/DATA42/Dropbox/EmbeddedRetina/embeddedretina_ise/DescriptorMaker.vhd sub00/vhpl28 1409951356
AR imagepatchreader behavioral /media/DATA42/Dropbox/EmbeddedRetina/embeddedretina_ise/ImagePatchReader.vhd sub00/vhpl20 1409951370
AR pointbuffer behavioral /media/DATA42/Dropbox/EmbeddedRetina/embeddedretina_ise/PointBuffer.vhd sub00/vhpl22 1409951354
AR intermediatebufferconv behavioral /media/DATA42/Dropbox/EmbeddedRetina/embeddedretina_ise/IntermediateBufferConv.vhd sub00/vhpl33 1400982400
EN horizontalconvolution NULL /media/DATA42/Dropbox/EmbeddedRetina/embeddedretina_ise/HorizontalConvolution.vhd sub00/vhpl08 1409951363
EN intermediatefifoconv NULL /media/DATA42/Dropbox/EmbeddedRetina/embeddedretina_ise/IntermediateFifoConv.vhd sub00/vhpl30 1400982389
EN imagepatchreader NULL /media/DATA42/Dropbox/EmbeddedRetina/embeddedretina_ise/ImagePatchReader.vhd sub00/vhpl19 1409951369
EN retinadescriptorgenerator NULL /media/DATA42/Dropbox/EmbeddedRetina/embeddedretina_ise/RetinaDescriptorGenerator.vhd sub00/vhpl12 1409951375
AR intermediatefifoconv behavioral /media/DATA42/Dropbox/EmbeddedRetina/embeddedretina_ise/IntermediateFifoConv.vhd sub00/vhpl31 1400982390
EN addressgenerator NULL /media/DATA42/Dropbox/EmbeddedRetina/embeddedretina_ise/AddressGenerator.vhd sub00/vhpl17 1409951367
