V3 120
FL /media/DATA42/Dropbox/EmbeddedRetina/embeddedretina_ise/AddressGenerator.vhd 2014/06/12.23:04:34 P.68d
EN work/AddressGenerator 1409951367 \
      FL /media/DATA42/Dropbox/EmbeddedRetina/embeddedretina_ise/AddressGenerator.vhd \
      PB ieee/std_logic_1164 1370735607 PB ieee/NUMERIC_STD 1370735611 \
      PB work/RetinaParameters 1409951350
AR work/AddressGenerator/BEHAVIORAL 1409951368 \
      FL /media/DATA42/Dropbox/EmbeddedRetina/embeddedretina_ise/AddressGenerator.vhd \
      EN work/AddressGenerator 1409951367
FL /media/DATA42/Dropbox/EmbeddedRetina/embeddedretina_ise/DescriptorMaker.vhd 2014/06/04.23:31:44 P.68d
EN work/DescriptorMaker 1409951355 \
      FL /media/DATA42/Dropbox/EmbeddedRetina/embeddedretina_ise/DescriptorMaker.vhd \
      PB ieee/std_logic_1164 1370735607 PB ieee/NUMERIC_STD 1370735611 \
      PB work/RetinaParameters 1409951350
AR work/DescriptorMaker/BEHAVIORAL 1409951356 \
      FL /media/DATA42/Dropbox/EmbeddedRetina/embeddedretina_ise/DescriptorMaker.vhd \
      EN work/DescriptorMaker 1409951355
FL /media/DATA42/Dropbox/EmbeddedRetina/embeddedretina_ise/GaussianFilter.vhd 2014/06/02.18:53:40 P.68d
EN work/GaussianFilter 1409951371 \
      FL /media/DATA42/Dropbox/EmbeddedRetina/embeddedretina_ise/GaussianFilter.vhd \
      PB ieee/std_logic_1164 1370735607 PB ieee/NUMERIC_STD 1370735611 \
      PB work/RetinaParameters 1409951350
AR work/GaussianFilter/BEHAVIORAL 1409951372 \
      FL /media/DATA42/Dropbox/EmbeddedRetina/embeddedretina_ise/GaussianFilter.vhd \
      EN work/GaussianFilter 1409951371 CP rom_coe CP VerticalConvolution \
      CP IntermediateRegsConv CP HorizontalConvolution
FL /media/DATA42/Dropbox/EmbeddedRetina/embeddedretina_ise/HorizontalConvolution.vhd 2014/05/30.16:45:12 P.68d
EN work/HorizontalConvolution 1409951363 \
      FL /media/DATA42/Dropbox/EmbeddedRetina/embeddedretina_ise/HorizontalConvolution.vhd \
      PB ieee/std_logic_1164 1370735607 PB ieee/NUMERIC_STD 1370735611 \
      PB work/RetinaParameters 1409951350
AR work/HorizontalConvolution/BEHAVIORAL 1409951364 \
      FL /media/DATA42/Dropbox/EmbeddedRetina/embeddedretina_ise/HorizontalConvolution.vhd \
      EN work/HorizontalConvolution 1409951363
FL /media/DATA42/Dropbox/EmbeddedRetina/embeddedretina_ise/ImagePatchReader.vhd 2014/07/01.19:20:56 P.68d
EN work/ImagePatchReader 1409951369 \
      FL /media/DATA42/Dropbox/EmbeddedRetina/embeddedretina_ise/ImagePatchReader.vhd \
      PB ieee/std_logic_1164 1370735607 PB ieee/NUMERIC_STD 1370735611 \
      PB work/RetinaParameters 1409951350
AR work/ImagePatchReader/BEHAVIORAL 1409951370 \
      FL /media/DATA42/Dropbox/EmbeddedRetina/embeddedretina_ise/ImagePatchReader.vhd \
      EN work/ImagePatchReader 1409951369
FL /media/DATA42/Dropbox/EmbeddedRetina/embeddedretina_ise/IntermediateBufferConv.vhd 2014/05/23.16:45:25 P.68d
EN work/IntermediateBufferConv 1400982399 \
      FL /media/DATA42/Dropbox/EmbeddedRetina/embeddedretina_ise/IntermediateBufferConv.vhd \
      PB ieee/std_logic_1164 1370735607 PB ieee/NUMERIC_STD 1370735611 \
      PB work/RetinaParameters 1409951350
AR work/IntermediateBufferConv/BEHAVIORAL 1400982400 \
      FL /media/DATA42/Dropbox/EmbeddedRetina/embeddedretina_ise/IntermediateBufferConv.vhd \
      EN work/IntermediateBufferConv 1400982399 CP IntermediateFifoConv
FL /media/DATA42/Dropbox/EmbeddedRetina/embeddedretina_ise/IntermediateFifoConv.vhd 2014/05/20.15:20:46 P.68d
EN work/IntermediateFifoConv 1400982389 \
      FL /media/DATA42/Dropbox/EmbeddedRetina/embeddedretina_ise/IntermediateFifoConv.vhd \
      PB ieee/std_logic_1164 1370735607 PB ieee/NUMERIC_STD 1370735611 \
      PB work/RetinaParameters 1409951350
AR work/IntermediateFifoConv/BEHAVIORAL 1400982390 \
      FL /media/DATA42/Dropbox/EmbeddedRetina/embeddedretina_ise/IntermediateFifoConv.vhd \
      EN work/IntermediateFifoConv 1400982389
FL /media/DATA42/Dropbox/EmbeddedRetina/embeddedretina_ise/IntermediateRegsConv.vhd 2014/07/01.20:04:23 P.68d
EN work/IntermediateRegsConv 1409951361 \
      FL /media/DATA42/Dropbox/EmbeddedRetina/embeddedretina_ise/IntermediateRegsConv.vhd \
      PB ieee/std_logic_1164 1370735607 PB ieee/NUMERIC_STD 1370735611 \
      PB work/RetinaParameters 1409951350
AR work/IntermediateRegsConv/BEHAVIORAL 1409951362 \
      FL /media/DATA42/Dropbox/EmbeddedRetina/embeddedretina_ise/IntermediateRegsConv.vhd \
      EN work/IntermediateRegsConv 1409951361
FL /media/DATA42/Dropbox/EmbeddedRetina/embeddedretina_ise/KeypointReader.vhd 2014/06/30.22:41:37 P.68d
EN work/KeypointReader 1409951365 \
      FL /media/DATA42/Dropbox/EmbeddedRetina/embeddedretina_ise/KeypointReader.vhd \
      PB ieee/std_logic_1164 1370735607 PB ieee/NUMERIC_STD 1370735611 \
      PB work/RetinaParameters 1409951350
AR work/KeypointReader/BEHAVIORAL 1409951366 \
      FL /media/DATA42/Dropbox/EmbeddedRetina/embeddedretina_ise/KeypointReader.vhd \
      EN work/KeypointReader 1409951365
FL /media/DATA42/Dropbox/EmbeddedRetina/embeddedretina_ise/PointBuffer.vhd 2014/05/25.06:20:36 P.68d
EN work/PointBuffer 1409951353 \
      FL /media/DATA42/Dropbox/EmbeddedRetina/embeddedretina_ise/PointBuffer.vhd \
      PB ieee/std_logic_1164 1370735607 PB ieee/NUMERIC_STD 1370735611 \
      PB work/RetinaParameters 1409951350
AR work/PointBuffer/BEHAVIORAL 1409951354 \
      FL /media/DATA42/Dropbox/EmbeddedRetina/embeddedretina_ise/PointBuffer.vhd \
      EN work/PointBuffer 1409951353
FL /media/DATA42/Dropbox/EmbeddedRetina/embeddedretina_ise/PointFifo.vhd 2014/05/19.19:51:50 P.68d
EN work/PointFifo 1400539950 \
      FL /media/DATA42/Dropbox/EmbeddedRetina/embeddedretina_ise/PointFifo.vhd \
      PB ieee/std_logic_1164 1370735607 PB ieee/NUMERIC_STD 1370735611 LB UNISIM \
      PH unisim/VCOMPONENTS 1370735613 PB work/RetinaParameters 1409951350
AR work/PointFifo/BEHAVIORAL 1400539951 \
      FL /media/DATA42/Dropbox/EmbeddedRetina/embeddedretina_ise/PointFifo.vhd \
      EN work/PointFifo 1400539950
FL /media/DATA42/Dropbox/EmbeddedRetina/embeddedretina_ise/RetinaDescriptorGenerator.vhd 2014/06/12.23:06:33 P.68d
EN work/RetinaDescriptorGenerator 1409951375 \
      FL /media/DATA42/Dropbox/EmbeddedRetina/embeddedretina_ise/RetinaDescriptorGenerator.vhd \
      PB ieee/std_logic_1164 1370735607 PB ieee/NUMERIC_STD 1370735611 \
      PB work/RetinaParameters 1409951350
AR work/RetinaDescriptorGenerator/BEHAVIORAL 1409951376 \
      FL /media/DATA42/Dropbox/EmbeddedRetina/embeddedretina_ise/RetinaDescriptorGenerator.vhd \
      EN work/RetinaDescriptorGenerator 1409951375 CP KeypointReader \
      CP AddressGenerator CP ImagePatchReader CP GaussianFilter \
      CP TopDescriptorMaker
FL /media/DATA42/Dropbox/EmbeddedRetina/embeddedretina_ise/RetinaParameters.vhd 2014/06/12.23:23:03 P.68d
PH work/RetinaParameters 1409951349 \
      FL /media/DATA42/Dropbox/EmbeddedRetina/embeddedretina_ise/RetinaParameters.vhd \
      PB ieee/std_logic_1164 1370735607
PB work/RetinaParameters 1409951350 \
      FL /media/DATA42/Dropbox/EmbeddedRetina/embeddedretina_ise/RetinaParameters.vhd \
      PH work/RetinaParameters 1409951349
FL /media/DATA42/Dropbox/EmbeddedRetina/embeddedretina_ise/rom_coe.vhd 2014/08/28.21:45:39 P.68d
EN work/rom_coe 1409951357 \
      FL /media/DATA42/Dropbox/EmbeddedRetina/embeddedretina_ise/rom_coe.vhd \
      PB ieee/std_logic_1164 1370735607 PB ieee/NUMERIC_STD 1370735611 \
      PB work/RetinaParameters 1409951350
AR work/rom_coe/Behavioral 1409951358 \
      FL /media/DATA42/Dropbox/EmbeddedRetina/embeddedretina_ise/rom_coe.vhd \
      EN work/rom_coe 1409951357
FL /media/DATA42/Dropbox/EmbeddedRetina/embeddedretina_ise/ROM_PAIRS.vhd 2014/05/27.23:18:42 P.68d
EN work/ROM_PAIRS 1409951351 \
      FL /media/DATA42/Dropbox/EmbeddedRetina/embeddedretina_ise/ROM_PAIRS.vhd \
      PB ieee/std_logic_1164 1370735607 PB work/RetinaParameters 1409951350 \
      PB ieee/NUMERIC_STD 1370735611
AR work/ROM_PAIRS/Behavioral 1409951352 \
      FL /media/DATA42/Dropbox/EmbeddedRetina/embeddedretina_ise/ROM_PAIRS.vhd \
      EN work/ROM_PAIRS 1409951351
FL /media/DATA42/Dropbox/EmbeddedRetina/embeddedretina_ise/TopDescriptorMaker.vhd 2014/06/02.17:58:29 P.68d
EN work/TopDescriptorMaker 1409951373 \
      FL /media/DATA42/Dropbox/EmbeddedRetina/embeddedretina_ise/TopDescriptorMaker.vhd \
      PB ieee/std_logic_1164 1370735607 PB ieee/NUMERIC_STD 1370735611 \
      PB work/RetinaParameters 1409951350
AR work/TopDescriptorMaker/BEHAVIORAL 1409951374 \
      FL /media/DATA42/Dropbox/EmbeddedRetina/embeddedretina_ise/TopDescriptorMaker.vhd \
      EN work/TopDescriptorMaker 1409951373 CP ROM_PAIRS CP PointBuffer \
      CP DescriptorMaker
FL /media/DATA42/Dropbox/EmbeddedRetina/embeddedretina_ise/TOP_DESIGN.vhd 2014/06/06.00:38:15 P.68d
EN work/TOP_DESIGN 0 \
      FL /media/DATA42/Dropbox/EmbeddedRetina/embeddedretina_ise/TOP_DESIGN.vhd \
      PB ieee/std_logic_1164 1370735607 PB work/RetinaParameters 1409951350
AR work/TOP_DESIGN/Behavioral 0 \
      FL /media/DATA42/Dropbox/EmbeddedRetina/embeddedretina_ise/TOP_DESIGN.vhd \
      EN work/TOP_DESIGN 0 CP RetinaDescriptorGenerator
FL /media/DATA42/Dropbox/EmbeddedRetina/embeddedretina_ise/VerticalConvolution.vhd 2014/05/30.16:44:54 P.68d
EN work/VerticalConvolution 1409951359 \
      FL /media/DATA42/Dropbox/EmbeddedRetina/embeddedretina_ise/VerticalConvolution.vhd \
      PB ieee/std_logic_1164 1370735607 PB ieee/NUMERIC_STD 1370735611 \
      PB work/RetinaParameters 1409951350
AR work/VerticalConvolution/BEHAVIORAL 1409951360 \
      FL /media/DATA42/Dropbox/EmbeddedRetina/embeddedretina_ise/VerticalConvolution.vhd \
      EN work/VerticalConvolution 1409951359
FL /media/DATA42/Dropbox/Projects/EmbeddedRetina/EmbeddedRetina_ISE/AddressGenerator.vhd 2014/05/14.22:07:55 P.68d
FL /media/DATA42/Dropbox/Projects/EmbeddedRetina/EmbeddedRetina_ISE/DescriptorMaker.vhd 2014/05/13.01:19:24 P.68d
FL /media/DATA42/Dropbox/Projects/EmbeddedRetina/EmbeddedRetina_ISE/DoG.vhd 2014/05/09.12:34:51 P.68d
FL /media/DATA42/Dropbox/Projects/EmbeddedRetina/EmbeddedRetina_ISE/GaussianFilter.vhd 2014/05/18.12:36:30 P.68d
FL /media/DATA42/Dropbox/Projects/EmbeddedRetina/EmbeddedRetina_ISE/HorizontalConvolution.vhd 2014/05/17.21:21:06 P.68d
FL /media/DATA42/Dropbox/Projects/EmbeddedRetina/EmbeddedRetina_ISE/ImagePatchReader.vhd 2014/05/13.23:59:22 P.68d
FL /media/DATA42/Dropbox/Projects/EmbeddedRetina/EmbeddedRetina_ISE/IntermediateBufferConv.vhd 2014/05/17.23:06:04 P.68d
FL /media/DATA42/Dropbox/Projects/EmbeddedRetina/EmbeddedRetina_ISE/IntermediateFifoConv.vhd 2014/05/17.22:44:40 P.68d
FL /media/DATA42/Dropbox/Projects/EmbeddedRetina/EmbeddedRetina_ISE/IntermediateRegsConv.vhd 2014/04/16.03:10:38 P.68d
FL /media/DATA42/Dropbox/Projects/EmbeddedRetina/EmbeddedRetina_ISE/KeypointReader.vhd 2014/05/14.22:04:24 P.68d
FL /media/DATA42/Dropbox/Projects/EmbeddedRetina/EmbeddedRetina_ISE/PairSelector.vhd 2014/05/13.01:18:07 P.68d
FL /media/DATA42/Dropbox/Projects/EmbeddedRetina/EmbeddedRetina_ISE/PointBuffer.vhd 2014/05/13.01:10:44 P.68d
FL /media/DATA42/Dropbox/Projects/EmbeddedRetina/EmbeddedRetina_ISE/RetinaDescriptorGenerator.vhd 2014/05/13.01:21:47 P.68d
FL /media/DATA42/Dropbox/Projects/EmbeddedRetina/EmbeddedRetina_ISE/RetinaParameters.vhd 2014/05/17.21:13:04 P.68d
FL /media/DATA42/Dropbox/Projects/EmbeddedRetina/EmbeddedRetina_ISE/rom_coe.vhd 2014/05/17.21:30:22 P.68d
FL /media/DATA42/Dropbox/Projects/EmbeddedRetina/EmbeddedRetina_ISE/VerticalConvolution.vhd 2014/05/17.21:16:34 P.68d
FL /media/DATA42/Projects/EmbeddedRetina/EmbeddedRetina_ISE/AddressGenerator.vhd 2014/05/09.10:59:05 P.68d
FL /media/DATA42/Projects/EmbeddedRetina/EmbeddedRetina_ISE/DescriptorMaker.vhd 2014/05/13.01:19:24 P.68d
FL /media/DATA42/Projects/EmbeddedRetina/EmbeddedRetina_ISE/DoG.vhd 2014/05/09.12:34:51 P.68d
FL /media/DATA42/Projects/EmbeddedRetina/EmbeddedRetina_ISE/GaussianFilter.vhd 2014/05/09.11:47:53 P.68d
FL /media/DATA42/Projects/EmbeddedRetina/EmbeddedRetina_ISE/HorizontalConvolution.vhd 2014/04/16.03:12:54 P.68d
FL /media/DATA42/Projects/EmbeddedRetina/EmbeddedRetina_ISE/ImagePatchReader.vhd 2014/05/13.01:10:05 P.68d
FL /media/DATA42/Projects/EmbeddedRetina/EmbeddedRetina_ISE/IntermediateRegsConv.vhd 2014/04/16.03:10:38 P.68d
FL /media/DATA42/Projects/EmbeddedRetina/EmbeddedRetina_ISE/ipcore_dir/ROM_GAUSS_COE.vhd 2014/04/25.18:47:39 P.68d
EN work/ROM_GAUSS_COE 1398462496 \
      FL /media/DATA42/Projects/EmbeddedRetina/EmbeddedRetina_ISE/ipcore_dir/ROM_GAUSS_COE.vhd \
      PB ieee/std_logic_1164 1370735607
AR work/ROM_GAUSS_COE/ROM_GAUSS_COE_a 1398462497 \
      FL /media/DATA42/Projects/EmbeddedRetina/EmbeddedRetina_ISE/ipcore_dir/ROM_GAUSS_COE.vhd \
      EN work/ROM_GAUSS_COE 1398462496
FL /media/DATA42/Projects/EmbeddedRetina/EmbeddedRetina_ISE/KeypointReader.vhd 2014/05/09.10:45:22 P.68d
FL /media/DATA42/Projects/EmbeddedRetina/EmbeddedRetina_ISE/PairSelector.vhd 2014/05/13.01:18:07 P.68d
FL /media/DATA42/Projects/EmbeddedRetina/EmbeddedRetina_ISE/PointBuffer.vhd 2014/05/13.01:10:44 P.68d
FL /media/DATA42/Projects/EmbeddedRetina/EmbeddedRetina_ISE/RetinaDescriptorGenerator.vhd 2014/05/13.01:21:47 P.68d
FL /media/DATA42/Projects/EmbeddedRetina/EmbeddedRetina_ISE/RetinaParameters.vhd 2014/05/12.12:57:06 P.68d
FL /media/DATA42/Projects/EmbeddedRetina/EmbeddedRetina_ISE/rom_coe.vhd 2014/05/12.11:47:28 P.68d
FL /media/DATA42/Projects/EmbeddedRetina/EmbeddedRetina_ISE/VerticalConvolution.vhd 2014/04/16.04:09:28 P.68d
FL E:/Dropbox/Projects/EmbeddedRetina/EmbeddedRetina_ISE/AddressGenerator.vhd 2014/05/14.23:38:36 P.68d
FL E:/Dropbox/Projects/EmbeddedRetina/EmbeddedRetina_ISE/DescriptorMaker.vhd 2014/05/13.01:19:24 P.68d
FL E:/Dropbox/Projects/EmbeddedRetina/EmbeddedRetina_ISE/DoG.vhd 2014/05/09.12:34:51 P.68d
EN work/DoG 1400121625 \
      FL E:/Dropbox/Projects/EmbeddedRetina/EmbeddedRetina_ISE/DoG.vhd \
      PB ieee/std_logic_1164 1370735607 PB ieee/NUMERIC_STD 1370735611 LB UNISIM \
      PH unisim/VCOMPONENTS 1370735613 PB work/RetinaParameters 1409951350
AR work/DoG/BEHAVIORAL 1400121626 \
      FL E:/Dropbox/Projects/EmbeddedRetina/EmbeddedRetina_ISE/DoG.vhd \
      EN work/DoG 1400121625
FL E:/Dropbox/Projects/EmbeddedRetina/EmbeddedRetina_ISE/GaussianFilter.vhd 2014/05/09.11:47:53 P.68d
FL E:/Dropbox/Projects/EmbeddedRetina/EmbeddedRetina_ISE/HorizontalConvolution.vhd 2014/04/16.03:12:54 P.68d
FL E:/Dropbox/Projects/EmbeddedRetina/EmbeddedRetina_ISE/ImagePatchReader.vhd 2014/05/13.23:59:22 P.68d
FL E:/Dropbox/Projects/EmbeddedRetina/EmbeddedRetina_ISE/IntermediateRegsConv.vhd 2014/04/16.03:10:38 P.68d
FL E:/Dropbox/Projects/EmbeddedRetina/EmbeddedRetina_ISE/KeypointReader.vhd 2014/05/14.22:04:24 P.68d
FL E:/Dropbox/Projects/EmbeddedRetina/EmbeddedRetina_ISE/PairSelector.vhd 2014/05/13.01:18:07 P.68d
EN work/PairSelector 1400121623 \
      FL E:/Dropbox/Projects/EmbeddedRetina/EmbeddedRetina_ISE/PairSelector.vhd \
      PB ieee/std_logic_1164 1370735607 PB ieee/NUMERIC_STD 1370735611 LB UNISIM \
      PH unisim/VCOMPONENTS 1370735613 PB work/RetinaParameters 1409951350
AR work/PairSelector/BEHAVIORAL 1400121624 \
      FL E:/Dropbox/Projects/EmbeddedRetina/EmbeddedRetina_ISE/PairSelector.vhd \
      EN work/PairSelector 1400121623
FL E:/Dropbox/Projects/EmbeddedRetina/EmbeddedRetina_ISE/PointBuffer.vhd 2014/05/13.01:10:44 P.68d
FL E:/Dropbox/Projects/EmbeddedRetina/EmbeddedRetina_ISE/RetinaDescriptorGenerator.vhd 2014/05/13.01:21:47 P.68d
FL E:/Dropbox/Projects/EmbeddedRetina/EmbeddedRetina_ISE/RetinaParameters.vhd 2014/05/13.23:37:28 P.68d
FL E:/Dropbox/Projects/EmbeddedRetina/EmbeddedRetina_ISE/rom_coe.vhd 2014/05/14.22:09:57 P.68d
FL E:/Dropbox/Projects/EmbeddedRetina/EmbeddedRetina_ISE/VerticalConvolution.vhd 2014/04/16.04:09:28 P.68d
